[2026-08-19T00:34:32.803+0000] {local_task_job_runner.py:123} INFO - ::group::Pre task execution logs
[2026-08-19T00:34:32.813+0000] {taskinstance.py:2614} INFO - Dependencies all met for dep_context=non-requeueable deps ti=<TaskInstance: arrivalytica_daily.dbt_build manual__2026-08-19T00:34:27.720226+00:00 [queued]>
[2026-08-19T00:34:32.817+0000] {taskinstance.py:2614} INFO - Dependencies all met for dep_context=requeueable deps ti=<TaskInstance: arrivalytica_daily.dbt_build manual__2026-08-19T00:34:27.720226+00:00 [queued]>
[2026-08-19T00:34:32.818+0000] {taskinstance.py:2867} INFO - Starting attempt 1 of 3
[2026-08-19T00:34:32.824+0000] {taskinstance.py:2890} INFO - Executing <Task(BashOperator): dbt_build> on 2026-08-19 00:34:27.720226+00:00
[2026-08-19T00:34:32.827+0000] {standard_task_runner.py:104} INFO - Running: ['***', 'tasks', 'run', 'arrivalytica_daily', 'dbt_build', 'manual__2026-08-19T00:34:27.720226+00:00', '--job-id', '6', '--raw', '--subdir', 'DAGS_FOLDER/arrivalytica_daily.py', '--cfg-path', '/tmp/tmpv1e3dplx']
[2026-08-19T00:34:32.828+0000] {standard_task_runner.py:105} INFO - Job 6: Subtask dbt_build
[2026-08-19T00:34:32.828+0000] {logging_mixin.py:190} WARNING - /home/***/.local/lib/python3.12/site-packages/***/task/task_runner/standard_task_runner.py:70 DeprecationWarning: This process (pid=616) is multi-threaded, use of fork() may lead to deadlocks in the child.
[2026-08-19T00:34:32.829+0000] {standard_task_runner.py:72} INFO - Started process 617 to run task
[2026-08-19T00:34:32.852+0000] {task_command.py:467} INFO - Running <TaskInstance: arrivalytica_daily.dbt_build manual__2026-08-19T00:34:27.720226+00:00 [running]> on host e362379b635c
[2026-08-19T00:34:32.891+0000] {taskinstance.py:3134} INFO - Exporting env vars: AIRFLOW_CTX_DAG_OWNER='***' AIRFLOW_CTX_DAG_ID='arrivalytica_daily' AIRFLOW_CTX_TASK_ID='dbt_build' AIRFLOW_CTX_EXECUTION_DATE='2026-08-19T00:34:27.720226+00:00' AIRFLOW_CTX_TRY_NUMBER='1' AIRFLOW_CTX_DAG_RUN_ID='manual__2026-08-19T00:34:27.720226+00:00'
[2026-08-19T00:34:32.891+0000] {taskinstance.py:732} INFO - ::endgroup::
[2026-08-19T00:34:32.898+0000] {subprocess.py:78} INFO - Tmp dir root location: /tmp
[2026-08-19T00:34:32.899+0000] {subprocess.py:88} INFO - Running command: ['/usr/bin/bash', '-c', 'cd /opt/***/arrivalytica/dbt && dbt build --profiles-dir .']
[2026-08-19T00:34:32.903+0000] {subprocess.py:99} INFO - Output:
[2026-08-19T00:34:34.267+0000] {subprocess.py:106} INFO - [0m00:34:34  Running with dbt=1.12.2
[2026-08-19T00:34:34.437+0000] {subprocess.py:106} INFO - [0m00:34:34  Registered adapter: duckdb=1.11.0
[2026-08-19T00:34:34.722+0000] {subprocess.py:106} INFO - [0m00:34:34  Found 3 models, 10 data tests, 1 source, 500 macros
[2026-08-19T00:34:34.724+0000] {subprocess.py:106} INFO - [0m00:34:34
[2026-08-19T00:34:34.724+0000] {subprocess.py:106} INFO - [0m00:34:34  Concurrency: 4 threads (target='dev')
[2026-08-19T00:34:34.725+0000] {subprocess.py:106} INFO - [0m00:34:34
[2026-08-19T00:34:34.800+0000] {subprocess.py:106} INFO - [0m00:34:34  1 of 13 START sql view model main.stg_price_observations ....................... [RUN]
[2026-08-19T00:34:34.855+0000] {subprocess.py:106} INFO - [0m00:34:34  1 of 13 OK created sql view model main.stg_price_observations .................. [[32mOK[0m in 0.05s]
[2026-08-19T00:34:34.856+0000] {subprocess.py:106} INFO - [0m00:34:34  2 of 13 START test accepted_values_stg_price_observations_currency__USD ........ [RUN]
[2026-08-19T00:34:34.857+0000] {subprocess.py:106} INFO - [0m00:34:34  3 of 13 START test assert_sane_prices .......................................... [RUN]
[2026-08-19T00:34:34.857+0000] {subprocess.py:106} INFO - [0m00:34:34  4 of 13 START test not_null_stg_price_observations_depart_date ................. [RUN]
[2026-08-19T00:34:34.859+0000] {subprocess.py:106} INFO - [0m00:34:34  5 of 13 START test not_null_stg_price_observations_destination ................. [RUN]
[2026-08-19T00:34:34.969+0000] {subprocess.py:106} INFO - [0m00:34:34  3 of 13 PASS assert_sane_prices ................................................ [[32mPASS[0m in 0.11s]
[2026-08-19T00:34:34.974+0000] {subprocess.py:106} INFO - [0m00:34:34  6 of 13 START test not_null_stg_price_observations_origin ...................... [RUN]
[2026-08-19T00:34:34.976+0000] {subprocess.py:106} INFO - [0m00:34:34  5 of 13 PASS not_null_stg_price_observations_destination ....................... [[32mPASS[0m in 0.12s]
[2026-08-19T00:34:34.976+0000] {subprocess.py:106} INFO - [0m00:34:34  2 of 13 PASS accepted_values_stg_price_observations_currency__USD .............. [[32mPASS[0m in 0.12s]
[2026-08-19T00:34:34.976+0000] {subprocess.py:106} INFO - [0m00:34:34  4 of 13 PASS not_null_stg_price_observations_depart_date ....................... [[32mPASS[0m in 0.12s]
[2026-08-19T00:34:34.983+0000] {subprocess.py:106} INFO - [0m00:34:34  7 of 13 START test not_null_stg_price_observations_price ....................... [RUN]
[2026-08-19T00:34:35.000+0000] {subprocess.py:106} INFO - [0m00:34:35  6 of 13 PASS not_null_stg_price_observations_origin ............................ [[32mPASS[0m in 0.02s]
[2026-08-19T00:34:35.002+0000] {subprocess.py:106} INFO - [0m00:34:35  7 of 13 PASS not_null_stg_price_observations_price ............................. [[32mPASS[0m in 0.02s]
[2026-08-19T00:34:35.004+0000] {subprocess.py:106} INFO - [0m00:34:35  8 of 13 START sql table model main.fct_price_observations ...................... [RUN]
[2026-08-19T00:34:35.004+0000] {subprocess.py:106} INFO - [0m00:34:35  9 of 13 START sql table model main.route_daily_summary ......................... [RUN]
[2026-08-19T00:34:35.083+0000] {subprocess.py:106} INFO - [0m00:34:35  9 of 13 OK created sql table model main.route_daily_summary .................... [[32mOK[0m in 0.08s]
[2026-08-19T00:34:35.086+0000] {subprocess.py:106} INFO - [0m00:34:35  10 of 13 START test not_null_route_daily_summary_min_price ..................... [RUN]
[2026-08-19T00:34:35.087+0000] {subprocess.py:106} INFO - [0m00:34:35  11 of 13 START test not_null_route_daily_summary_route ......................... [RUN]
[2026-08-19T00:34:35.104+0000] {subprocess.py:106} INFO - [0m00:34:35  8 of 13 OK created sql table model main.fct_price_observations ................. [[32mOK[0m in 0.10s]
[2026-08-19T00:34:35.107+0000] {subprocess.py:106} INFO - [0m00:34:35  12 of 13 START test not_null_fct_price_observations_days_before_departure ...... [RUN]
[2026-08-19T00:34:35.107+0000] {subprocess.py:106} INFO - [0m00:34:35  13 of 13 START test not_null_fct_price_observations_route ...................... [RUN]
[2026-08-19T00:34:35.121+0000] {subprocess.py:106} INFO - [0m00:34:35  10 of 13 PASS not_null_route_daily_summary_min_price ........................... [[32mPASS[0m in 0.03s]
[2026-08-19T00:34:35.123+0000] {subprocess.py:106} INFO - [0m00:34:35  11 of 13 PASS not_null_route_daily_summary_route ............................... [[32mPASS[0m in 0.04s]
[2026-08-19T00:34:35.132+0000] {subprocess.py:106} INFO - [0m00:34:35  12 of 13 PASS not_null_fct_price_observations_days_before_departure ............ [[32mPASS[0m in 0.02s]
[2026-08-19T00:34:35.132+0000] {subprocess.py:106} INFO - [0m00:34:35  13 of 13 PASS not_null_fct_price_observations_route ............................ [[32mPASS[0m in 0.02s]
[2026-08-19T00:34:35.137+0000] {subprocess.py:106} INFO - [0m00:34:35
[2026-08-19T00:34:35.138+0000] {subprocess.py:106} INFO - [0m00:34:35  Finished running 2 table models, 10 data tests, 1 view model in 0 hours 0 minutes and 0.41 seconds (0.41s).
[2026-08-19T00:34:35.169+0000] {subprocess.py:106} INFO - [0m00:34:35
[2026-08-19T00:34:35.169+0000] {subprocess.py:106} INFO - [0m00:34:35  [32mCompleted successfully[0m
[2026-08-19T00:34:35.170+0000] {subprocess.py:106} INFO - [0m00:34:35
[2026-08-19T00:34:35.170+0000] {subprocess.py:106} INFO - [0m00:34:35  Done. PASS=13 WARN=0 ERROR=0 SKIP=0 NO-OP=0 REUSED=0 TOTAL=13
[2026-08-19T00:34:35.581+0000] {subprocess.py:110} INFO - Command exited with return code 0
[2026-08-19T00:34:35.595+0000] {taskinstance.py:341} INFO - ::group::Post task execution logs
[2026-08-19T00:34:35.595+0000] {taskinstance.py:353} INFO - Marking task as SUCCESS. dag_id=arrivalytica_daily, task_id=dbt_build, run_id=manual__2026-08-19T00:34:27.720226+00:00, execution_date=20260819T003427, start_date=20260819T003432, end_date=20260819T003435
[2026-08-19T00:34:35.630+0000] {local_task_job_runner.py:266} INFO - Task exited with return code 0
[2026-08-19T00:34:35.639+0000] {taskinstance.py:3901} INFO - 0 downstream tasks scheduled from follow-on schedule check
[2026-08-19T00:34:35.640+0000] {local_task_job_runner.py:245} INFO - ::endgroup::
