[2026-08-19T00:34:18.795+0000] {local_task_job_runner.py:123} INFO - ::group::Pre task execution logs
[2026-08-19T00:34:18.806+0000] {taskinstance.py:2614} INFO - Dependencies all met for dep_context=non-requeueable deps ti=<TaskInstance: arrivalytica_daily.extract_prices scheduled__2026-08-17T15:00:00+00:00 [queued]>
[2026-08-19T00:34:18.810+0000] {taskinstance.py:2614} INFO - Dependencies all met for dep_context=requeueable deps ti=<TaskInstance: arrivalytica_daily.extract_prices scheduled__2026-08-17T15:00:00+00:00 [queued]>
[2026-08-19T00:34:18.810+0000] {taskinstance.py:2867} INFO - Starting attempt 1 of 3
[2026-08-19T00:34:18.816+0000] {taskinstance.py:2890} INFO - Executing <Task(BashOperator): extract_prices> on 2026-08-17 15:00:00+00:00
[2026-08-19T00:34:18.821+0000] {standard_task_runner.py:104} INFO - Running: ['***', 'tasks', 'run', 'arrivalytica_daily', 'extract_prices', 'scheduled__2026-08-17T15:00:00+00:00', '--job-id', '3', '--raw', '--subdir', 'DAGS_FOLDER/arrivalytica_daily.py', '--cfg-path', '/tmp/tmpz0z_tc44']
[2026-08-19T00:34:18.823+0000] {standard_task_runner.py:105} INFO - Job 3: Subtask extract_prices
[2026-08-19T00:34:18.822+0000] {logging_mixin.py:190} WARNING - /home/***/.local/lib/python3.12/site-packages/***/task/task_runner/standard_task_runner.py:70 DeprecationWarning: This process (pid=552) is multi-threaded, use of fork() may lead to deadlocks in the child.
[2026-08-19T00:34:18.823+0000] {standard_task_runner.py:72} INFO - Started process 553 to run task
[2026-08-19T00:34:18.853+0000] {task_command.py:467} INFO - Running <TaskInstance: arrivalytica_daily.extract_prices scheduled__2026-08-17T15:00:00+00:00 [running]> on host e362379b635c
[2026-08-19T00:34:18.896+0000] {taskinstance.py:3134} INFO - Exporting env vars: AIRFLOW_CTX_DAG_OWNER='***' AIRFLOW_CTX_DAG_ID='arrivalytica_daily' AIRFLOW_CTX_TASK_ID='extract_prices' AIRFLOW_CTX_EXECUTION_DATE='2026-08-17T15:00:00+00:00' AIRFLOW_CTX_TRY_NUMBER='1' AIRFLOW_CTX_DAG_RUN_ID='scheduled__2026-08-17T15:00:00+00:00'
[2026-08-19T00:34:18.897+0000] {taskinstance.py:732} INFO - ::endgroup::
[2026-08-19T00:34:18.922+0000] {subprocess.py:78} INFO - Tmp dir root location: /tmp
[2026-08-19T00:34:18.923+0000] {subprocess.py:88} INFO - Running command: ['/usr/bin/bash', '-c', 'cd /opt/***/arrivalytica && PYTHONPATH=/opt/***/arrivalytica/src python -m flight_tracker.extract']
[2026-08-19T00:34:18.927+0000] {subprocess.py:99} INFO - Output:
[2026-08-19T00:34:22.865+0000] {subprocess.py:106} INFO -   SFO-NRT: 91 records
[2026-08-19T00:34:22.866+0000] {subprocess.py:106} INFO -   SFO-HND: 91 records
[2026-08-19T00:34:22.867+0000] {subprocess.py:106} INFO -   SFO-KIX: 36 records
[2026-08-19T00:34:22.867+0000] {subprocess.py:106} INFO -   SFO-TPE: 26 records
[2026-08-19T00:34:22.868+0000] {subprocess.py:106} INFO -   SFO-SYD: 61 records
[2026-08-19T00:34:22.868+0000] {subprocess.py:106} INFO -   LAX-NRT: 149 records
[2026-08-19T00:34:22.868+0000] {subprocess.py:106} INFO -   LAX-HND: 149 records
[2026-08-19T00:34:22.868+0000] {subprocess.py:106} INFO -   LAX-KIX: 39 records
[2026-08-19T00:34:22.868+0000] {subprocess.py:106} INFO -   LAX-TPE: 8 records
[2026-08-19T00:34:22.868+0000] {subprocess.py:106} INFO -   LAX-SYD: 133 records
[2026-08-19T00:34:22.868+0000] {subprocess.py:106} INFO -   JFK-KEF: 36 records
[2026-08-19T00:34:22.868+0000] {subprocess.py:106} INFO -   JFK-LHR: 166 records
[2026-08-19T00:34:22.869+0000] {subprocess.py:106} INFO -   JFK-MAN: 0 records
[2026-08-19T00:34:22.869+0000] {subprocess.py:106} INFO -   JFK-LGW: 79 records
[2026-08-19T00:34:22.869+0000] {subprocess.py:106} INFO -   JFK-LIS: 111 records
[2026-08-19T00:34:22.869+0000] {subprocess.py:106} INFO -   JFK-BCN: 90 records
[2026-08-19T00:34:22.869+0000] {subprocess.py:106} INFO -   JFK-IST: 186 records
[2026-08-19T00:34:22.869+0000] {subprocess.py:106} INFO -   JFK-MAD: 102 records
[2026-08-19T00:34:22.869+0000] {subprocess.py:106} INFO -   JFK-MUC: 56 records
[2026-08-19T00:34:22.869+0000] {subprocess.py:106} INFO -   JFK-KRK: 11 records
[2026-08-19T00:34:22.869+0000] {subprocess.py:106} INFO -   JFK-WAW: 135 records
[2026-08-19T00:34:22.870+0000] {subprocess.py:106} INFO -   BOS-KEF: 7 records
[2026-08-19T00:34:22.870+0000] {subprocess.py:106} INFO -   BOS-LHR: 20 records
[2026-08-19T00:34:22.870+0000] {subprocess.py:106} INFO -   BOS-MAN: 0 records
[2026-08-19T00:34:22.870+0000] {subprocess.py:106} INFO -   BOS-LGW: 13 records
[2026-08-19T00:34:22.870+0000] {subprocess.py:106} INFO -   BOS-LIS: 35 records
[2026-08-19T00:34:22.870+0000] {subprocess.py:106} INFO -   BOS-BCN: 46 records
[2026-08-19T00:34:22.870+0000] {subprocess.py:106} INFO -   BOS-IST: 131 records
[2026-08-19T00:34:22.870+0000] {subprocess.py:106} INFO -   BOS-MAD: 23 records
[2026-08-19T00:34:22.870+0000] {subprocess.py:106} INFO -   BOS-MUC: 0 records
[2026-08-19T00:34:22.870+0000] {subprocess.py:106} INFO -   BOS-KRK: 0 records
[2026-08-19T00:34:22.871+0000] {subprocess.py:106} INFO -   BOS-WAW: 7 records
[2026-08-19T00:34:22.871+0000] {subprocess.py:106} INFO - 
[2026-08-19T00:34:22.871+0000] {subprocess.py:106} INFO - Wrote 2037 records -> data/bronze/latest_prices/pull_date=2026-08-19/data.parquet
[2026-08-19T00:34:22.871+0000] {subprocess.py:106} INFO - Manifest -> data/bronze/latest_prices/pull_date=2026-08-19/_manifest.json
[2026-08-19T00:34:22.924+0000] {subprocess.py:110} INFO - Command exited with return code 0
[2026-08-19T00:34:22.942+0000] {taskinstance.py:341} INFO - ::group::Post task execution logs
[2026-08-19T00:34:22.942+0000] {taskinstance.py:353} INFO - Marking task as SUCCESS. dag_id=arrivalytica_daily, task_id=extract_prices, run_id=scheduled__2026-08-17T15:00:00+00:00, execution_date=20260817T150000, start_date=20260819T003418, end_date=20260819T003422
[2026-08-19T00:34:22.978+0000] {local_task_job_runner.py:266} INFO - Task exited with return code 0
[2026-08-19T00:34:22.992+0000] {taskinstance.py:3901} INFO - 1 downstream tasks scheduled from follow-on schedule check
[2026-08-19T00:34:22.993+0000] {local_task_job_runner.py:245} INFO - ::endgroup::
