[2026-08-19T00:34:23.781+0000] {local_task_job_runner.py:123} INFO - ::group::Pre task execution logs
[2026-08-19T00:34:23.792+0000] {taskinstance.py:2614} INFO - Dependencies all met for dep_context=non-requeueable deps ti=<TaskInstance: arrivalytica_daily.dbt_build scheduled__2026-08-17T15:00:00+00:00 [queued]>
[2026-08-19T00:34:23.796+0000] {taskinstance.py:2614} INFO - Dependencies all met for dep_context=requeueable deps ti=<TaskInstance: arrivalytica_daily.dbt_build scheduled__2026-08-17T15:00:00+00:00 [queued]>
[2026-08-19T00:34:23.796+0000] {taskinstance.py:2867} INFO - Starting attempt 1 of 3
[2026-08-19T00:34:23.802+0000] {taskinstance.py:2890} INFO - Executing <Task(BashOperator): dbt_build> on 2026-08-17 15:00:00+00:00
[2026-08-19T00:34:23.805+0000] {standard_task_runner.py:104} INFO - Running: ['***', 'tasks', 'run', 'arrivalytica_daily', 'dbt_build', 'scheduled__2026-08-17T15:00:00+00:00', '--job-id', '4', '--raw', '--subdir', 'DAGS_FOLDER/arrivalytica_daily.py', '--cfg-path', '/tmp/tmp8ja1607l']
[2026-08-19T00:34:23.807+0000] {standard_task_runner.py:105} INFO - Job 4: Subtask dbt_build
[2026-08-19T00:34:23.807+0000] {logging_mixin.py:190} WARNING - /home/***/.local/lib/python3.12/site-packages/***/task/task_runner/standard_task_runner.py:70 DeprecationWarning: This process (pid=568) is multi-threaded, use of fork() may lead to deadlocks in the child.
[2026-08-19T00:34:23.808+0000] {standard_task_runner.py:72} INFO - Started process 569 to run task
[2026-08-19T00:34:23.833+0000] {task_command.py:467} INFO - Running <TaskInstance: arrivalytica_daily.dbt_build scheduled__2026-08-17T15:00:00+00:00 [running]> on host e362379b635c
[2026-08-19T00:34:23.869+0000] {taskinstance.py:3134} INFO - Exporting env vars: AIRFLOW_CTX_DAG_OWNER='***' AIRFLOW_CTX_DAG_ID='arrivalytica_daily' AIRFLOW_CTX_TASK_ID='dbt_build' AIRFLOW_CTX_EXECUTION_DATE='2026-08-17T15:00:00+00:00' AIRFLOW_CTX_TRY_NUMBER='1' AIRFLOW_CTX_DAG_RUN_ID='scheduled__2026-08-17T15:00:00+00:00'
[2026-08-19T00:34:23.870+0000] {taskinstance.py:732} INFO - ::endgroup::
[2026-08-19T00:34:23.877+0000] {subprocess.py:78} INFO - Tmp dir root location: /tmp
[2026-08-19T00:34:23.878+0000] {subprocess.py:88} INFO - Running command: ['/usr/bin/bash', '-c', 'cd /opt/***/arrivalytica/dbt && dbt build --profiles-dir .']
[2026-08-19T00:34:23.881+0000] {subprocess.py:99} INFO - Output:
[2026-08-19T00:34:25.315+0000] {subprocess.py:106} INFO - [0m00:34:25  Running with dbt=1.12.2
[2026-08-19T00:34:25.506+0000] {subprocess.py:106} INFO - [0m00:34:25  Registered adapter: duckdb=1.11.0
[2026-08-19T00:34:25.632+0000] {subprocess.py:106} INFO - [0m00:34:25  Unable to do partial parsing because of a version mismatch
[2026-08-19T00:34:26.596+0000] {subprocess.py:106} INFO - [0m00:34:26  Found 3 models, 10 data tests, 1 source, 500 macros
[2026-08-19T00:34:26.598+0000] {subprocess.py:106} INFO - [0m00:34:26
[2026-08-19T00:34:26.598+0000] {subprocess.py:106} INFO - [0m00:34:26  Concurrency: 4 threads (target='dev')
[2026-08-19T00:34:26.598+0000] {subprocess.py:106} INFO - [0m00:34:26
[2026-08-19T00:34:26.660+0000] {subprocess.py:106} INFO - [0m00:34:26  1 of 13 START sql view model main.stg_price_observations ....................... [RUN]
[2026-08-19T00:34:26.709+0000] {subprocess.py:106} INFO - [0m00:34:26  1 of 13 OK created sql view model main.stg_price_observations .................. [[32mOK[0m in 0.05s]
[2026-08-19T00:34:26.711+0000] {subprocess.py:106} INFO - [0m00:34:26  2 of 13 START test accepted_values_stg_price_observations_currency__USD ........ [RUN]
[2026-08-19T00:34:26.712+0000] {subprocess.py:106} INFO - [0m00:34:26  3 of 13 START test assert_sane_prices .......................................... [RUN]
[2026-08-19T00:34:26.712+0000] {subprocess.py:106} INFO - [0m00:34:26  4 of 13 START test not_null_stg_price_observations_depart_date ................. [RUN]
[2026-08-19T00:34:26.713+0000] {subprocess.py:106} INFO - [0m00:34:26  5 of 13 START test not_null_stg_price_observations_destination ................. [RUN]
[2026-08-19T00:34:26.784+0000] {subprocess.py:106} INFO - [0m00:34:26  4 of 13 PASS not_null_stg_price_observations_depart_date ....................... [[32mPASS[0m in 0.07s]
[2026-08-19T00:34:26.786+0000] {subprocess.py:106} INFO - [0m00:34:26  3 of 13 PASS assert_sane_prices ................................................ [[32mPASS[0m in 0.07s]
[2026-08-19T00:34:26.790+0000] {subprocess.py:106} INFO - [0m00:34:26  5 of 13 PASS not_null_stg_price_observations_destination ....................... [[32mPASS[0m in 0.08s]
[2026-08-19T00:34:26.790+0000] {subprocess.py:106} INFO - [0m00:34:26  6 of 13 START test not_null_stg_price_observations_origin ...................... [RUN]
[2026-08-19T00:34:26.790+0000] {subprocess.py:106} INFO - [0m00:34:26  7 of 13 START test not_null_stg_price_observations_price ....................... [RUN]
[2026-08-19T00:34:26.791+0000] {subprocess.py:106} INFO - [0m00:34:26  2 of 13 PASS accepted_values_stg_price_observations_currency__USD .............. [[32mPASS[0m in 0.08s]
[2026-08-19T00:34:26.861+0000] {subprocess.py:106} INFO - [0m00:34:26  6 of 13 PASS not_null_stg_price_observations_origin ............................ [[32mPASS[0m in 0.07s]
[2026-08-19T00:34:26.862+0000] {subprocess.py:106} INFO - [0m00:34:26  7 of 13 PASS not_null_stg_price_observations_price ............................. [[32mPASS[0m in 0.07s]
[2026-08-19T00:34:26.864+0000] {subprocess.py:106} INFO - [0m00:34:26  8 of 13 START sql table model main.fct_price_observations ...................... [RUN]
[2026-08-19T00:34:26.864+0000] {subprocess.py:106} INFO - [0m00:34:26  9 of 13 START sql table model main.route_daily_summary ......................... [RUN]
[2026-08-19T00:34:26.923+0000] {subprocess.py:106} INFO - [0m00:34:26  9 of 13 OK created sql table model main.route_daily_summary .................... [[32mOK[0m in 0.06s]
[2026-08-19T00:34:26.925+0000] {subprocess.py:106} INFO - [0m00:34:26  10 of 13 START test not_null_route_daily_summary_min_price ..................... [RUN]
[2026-08-19T00:34:26.925+0000] {subprocess.py:106} INFO - [0m00:34:26  11 of 13 START test not_null_route_daily_summary_route ......................... [RUN]
[2026-08-19T00:34:26.950+0000] {subprocess.py:106} INFO - [0m00:34:26  11 of 13 PASS not_null_route_daily_summary_route ............................... [[32mPASS[0m in 0.02s]
[2026-08-19T00:34:26.950+0000] {subprocess.py:106} INFO - [0m00:34:26  10 of 13 PASS not_null_route_daily_summary_min_price ........................... [[32mPASS[0m in 0.02s]
[2026-08-19T00:34:26.957+0000] {subprocess.py:106} INFO - [0m00:34:26  8 of 13 OK created sql table model main.fct_price_observations ................. [[32mOK[0m in 0.09s]
[2026-08-19T00:34:26.958+0000] {subprocess.py:106} INFO - [0m00:34:26  12 of 13 START test not_null_fct_price_observations_days_before_departure ...... [RUN]
[2026-08-19T00:34:26.958+0000] {subprocess.py:106} INFO - [0m00:34:26  13 of 13 START test not_null_fct_price_observations_route ...................... [RUN]
[2026-08-19T00:34:26.977+0000] {subprocess.py:106} INFO - [0m00:34:26  13 of 13 PASS not_null_fct_price_observations_route ............................ [[32mPASS[0m in 0.02s]
[2026-08-19T00:34:26.978+0000] {subprocess.py:106} INFO - [0m00:34:26  12 of 13 PASS not_null_fct_price_observations_days_before_departure ............ [[32mPASS[0m in 0.02s]
[2026-08-19T00:34:26.983+0000] {subprocess.py:106} INFO - [0m00:34:26
[2026-08-19T00:34:26.983+0000] {subprocess.py:106} INFO - [0m00:34:26  Finished running 2 table models, 10 data tests, 1 view model in 0 hours 0 minutes and 0.38 seconds (0.38s).
[2026-08-19T00:34:27.015+0000] {subprocess.py:106} INFO - [0m00:34:27
[2026-08-19T00:34:27.015+0000] {subprocess.py:106} INFO - [0m00:34:27  [32mCompleted successfully[0m
[2026-08-19T00:34:27.016+0000] {subprocess.py:106} INFO - [0m00:34:27
[2026-08-19T00:34:27.016+0000] {subprocess.py:106} INFO - [0m00:34:27  Done. PASS=13 WARN=0 ERROR=0 SKIP=0 NO-OP=0 REUSED=0 TOTAL=13
[2026-08-19T00:34:27.475+0000] {subprocess.py:110} INFO - Command exited with return code 0
[2026-08-19T00:34:27.489+0000] {taskinstance.py:341} INFO - ::group::Post task execution logs
[2026-08-19T00:34:27.490+0000] {taskinstance.py:353} INFO - Marking task as SUCCESS. dag_id=arrivalytica_daily, task_id=dbt_build, run_id=scheduled__2026-08-17T15:00:00+00:00, execution_date=20260817T150000, start_date=20260819T003423, end_date=20260819T003427
[2026-08-19T00:34:27.521+0000] {local_task_job_runner.py:266} INFO - Task exited with return code 0
[2026-08-19T00:34:27.530+0000] {taskinstance.py:3901} INFO - 0 downstream tasks scheduled from follow-on schedule check
[2026-08-19T00:34:27.531+0000] {local_task_job_runner.py:245} INFO - ::endgroup::
